                                                                                                    
                                                                                                    
                                                                                                    
                                                                                                    
                                                                                                    
                                                                                                    
                                                                                                    
                                                                                                    
                                                                                                    
                                                                                                    
                                                                                                    
                                                                                                    
                                                                                                    
                                                                                                    
                                                                                                    
                                                                                                    
                                                                                                    
                                                                                                    
                                                                                                    
                                                                                                    
                                                                                                    
                                                                                                    
                                                                                                    
                                                                                                    
                                                                                                    

 [38;2;86;95;137m───────────────────────────────────────────────────────────────────────────────────────────────────[m
[38;2;192;202;245m[38;2;122;162;247m ┃ [m[m[38;2;192;202;245m[m[38;2;192;202;245m[7;38;2;122;162;247m [m[m[38;2;192;202;245m[m[38;2;192;202;245m                                                                                                [m
 [38;2;86;95;137m───────────────────────────────────────────────────────────────────────────────────────────────────[m
 [38;2;122;162;247mINSERT[m  [38;2;180;142;173m◆ fake:m1[m  [38;2;180;142;173mstrict[m  [38;2;180;142;173mrudy ⎇ main*[m  [38;2;180;142;173m(=^･ω･^=)[m