 [38;2;122;162;247m› Fix the build[m                                                                
                                                                                
   [38;2;255;255;255mI found the[m[38;2;255;255;255m failure.[m                                                         
                                                                                
 [38;2;86;95;137m$ make test[m                                                                    
 [38;2;86;95;137mPASS[m                                                                           
 [38;2;86;95;137mfile: updated internal/app.go[m                                                  
 [38;2;86;95;137mplan: 1. Reproduce[m                                                             
 [38;2;86;95;137m2. Fix[m                                                                         
 [38;2;86;95;137mdiff:[m                                                                          
 [38;2;86;95;137m-old[m                                                                           
 [38;2;86;95;137m+new[m                                                                           
 [38;2;224;175;104mOne check was skipped[m                                                          
 [38;2;247;118;142mA tool failed[m                                                                  
                                                                                
                                                                                
                                                                                
                                                                                
                                                                                

 [38;2;86;95;137m───────────────────────────────────────────────────────────────────────────────[m
[38;2;192;202;245m[38;2;122;162;247m ┃ [m[m[38;2;192;202;245m[m[38;2;192;202;245m[7;38;2;122;162;247m [m[m[38;2;192;202;245m[m[38;2;192;202;245m                                                                            [m
 [38;2;86;95;137m───────────────────────────────────────────────────────────────────────────────[m
 [38;2;122;162;247mINSERT[m  [38;2;180;142;173m◆ fake:m1[m  [38;2;180;142;173mstrict[m  [38;2;180;142;173m/w[m  [38;2;180;142;173mrudy ⎇ main*[m