                                                                                                    
                                                                                                    
                                                                                                    
                                                                                                    
                                                                                                    
                                                                                                    
                                                                                                    
                                                                                                    
                                                                                                    
                                                                                                    
                                                                                                    
                                                                                                    
                                                                                                    
                                                                                                    
                                                                                                    
                                                                                                    
                                                                                                    
                                                                                                    
                                                                                                    
                                                                                                    
                                                                                                    
                                                                                                    
                                                                                                    
                                                                                                    
                                                                                                    

 [38;2;122;162;247mINSERT[m  [38;2;86;95;137m◆ fake:m1[m  [38;2;86;95;137mstrict[m  [38;2;86;95;137mrudy ⎇ main*[m
 [38;2;86;95;137m───────────────────────────────────────────────────────────────────────────────────────────────────[m
[38;2;224;175;104m[38;2;224;175;104m ┃ [m[m[38;2;224;175;104m!git status[m[38;2;224;175;104m[7;38;2;224;175;104m [m[m[38;2;224;175;104m[m[38;2;224;175;104m                                                                                     [m
 [38;2;86;95;137m───────────────────────────────────────────────────────────────────────────────────────────────────[m