[38;2;122;162;247m╭─ rudy 0.1.0 ───────────────────────────┬─────────────────────────────────────────────────────────╮[m
[38;2;122;162;247m│[m [38;2;192;202;245m            afternoon, Guy            [m [38;2;122;162;247m│[m [38;2;192;202;245mTips for getting started                               [m [38;2;122;162;247m│[m
[38;2;122;162;247m│[m                                        [38;2;122;162;247m│[m [38;2;86;95;137mEsc once steers a running turn, twice cancels it       [m [38;2;122;162;247m│[m
[38;2;122;162;247m│[m [38;2;122;162;247m                 /\_/\  /\            [m [38;2;122;162;247m│[m [38;2;86;95;137m/fork branches this session at any entry               [m [38;2;122;162;247m│[m
[38;2;122;162;247m│[m [38;2;122;162;247m                / o o \ \ \           [m [38;2;122;162;247m│[m                                                         [38;2;122;162;247m│[m
[38;2;122;162;247m│[m [38;2;122;162;247m               /   Y   \/ /           [m [38;2;122;162;247m│[m [38;2;192;202;245mWhat's new in 0.1.0                                    [m [38;2;122;162;247m│[m
[38;2;122;162;247m│[m [38;2;122;162;247m              /         \/            [m [38;2;122;162;247m│[m [38;2;86;95;137mOpens full screen, and every row stays expandable      [m [38;2;122;162;247m│[m
[38;2;122;162;247m│[m [38;2;122;162;247m              \ | | | | /             [m [38;2;122;162;247m│[m [38;2;86;95;137mTyping / lists the commands as you type                [m [38;2;122;162;247m│[m
[38;2;122;162;247m│[m [38;2;122;162;247m               `|_|-|_|'              [m [38;2;122;162;247m│[m [38;2;86;95;137m/exit closes the client, the daemon keeps running      [m [38;2;122;162;247m│[m
[38;2;122;162;247m│[m                                        [38;2;122;162;247m│[m                                                         [38;2;122;162;247m│[m
[38;2;122;162;247m│[m [38;2;192;202;245m            fake:m1 · high            [m [38;2;122;162;247m│[m                                                         [38;2;122;162;247m│[m
[38;2;122;162;247m│[m [38;2;86;95;137m                  /w                  [m [38;2;122;162;247m│[m                                                         [38;2;122;162;247m│[m
[38;2;122;162;247m╰────────────────────────────────────────┴─────────────────────────────────────────────────────────╯[m
                                                                                                    
                                                                                                    
                                                                                                    
                                                                                                    
                                                                                                    
                                                                                                    
                                                                                                    
                                                                                                    
                                                                                                    
                                                                                                    
                                                                                                    
                                                                                                    

 [38;2;122;162;247mINSERT[m  [38;2;86;95;137m◆ fake:m1[m  [38;2;86;95;137mstrict[m  [38;2;86;95;137mrudy ⎇ main*[m
 [38;2;86;95;137m───────────────────────────────────────────────────────────────────────────────────────────────────[m
[38;2;192;202;245m[38;2;122;162;247m ┃ [m[m[38;2;192;202;245m[m[38;2;192;202;245m[7;38;2;122;162;247m [m[m[38;2;192;202;245m[m[38;2;192;202;245m                                                                                                [m
 [38;2;86;95;137m───────────────────────────────────────────────────────────────────────────────────────────────────[m