 [38;2;122;162;247m› fix the flaky fork test[m                                                                          
                                                                                                    
   [38;2;255;255;255mLooking at the test[m[38;2;255;255;255m first.[m                                                                       
                                                                                                    
 [38;2;115;218;202m▸ bash ×1, edit ×1[m                                                                                 
                                                                                                    
   [38;2;255;255;255mOff by one in the slice bound. Fixed and[m[38;2;255;255;255m green.[m                                                  
                                                                                                    
 [38;2;115;218;202m◇ agent  {"agent":"explorer","prompt":"find the caller"}[m                                           
     [38;2;86;95;137mrunning[m                                                                                        
     [38;2;115;218;202m$ bash  git status[m                                                                             
         [38;2;86;95;137mwaiting, answer the question below first[m                                                   
 [38;2;115;218;202m$ bash  rm -rf ./bin[m                                                                               
     [38;2;224;175;104mallow once [y]  allow for session [a]  deny [n][m                                                
                                                                                                    
                                                                                                    
                                                                                                    
                                                                                                    
                                                                                                    
                                                                                                    
                                                                                                    
                                                                                                    
                                                                                                    
                                                                                                    

 [38;2;255;105;180m◜[m [38;2;180;142;173mwaiting[m
 [38;2;86;95;137m───────────────────────────────────────────────────────────────────────────────────────────────────[m
[38;2;192;202;245m[38;2;122;162;247m ┃ [m[m[38;2;192;202;245m[m[38;2;192;202;245m[7;38;2;122;162;247m [m[m[38;2;192;202;245m[m[38;2;192;202;245m                                                                                                [m
 [38;2;86;95;137m────────────────────────────────────────────────────────────────────────────────── ◔ 42% context ──[m
 [38;2;122;162;247mINSERT[m  [38;2;180;142;173m◆ fake:m1[m  [38;2;180;142;173mstrict[m  [38;2;180;142;173m$0.16[m  [38;2;180;142;173m/w[m  [38;2;180;142;173mrudy ⎇ main*[m